Collecting brainers-atlasforge
  Downloading brainers_atlasforge-0.1.0a2-py3-none-any.whl.metadata (10 kB)
Collecting httpx>=0.27 (from brainers-atlasforge)
  Using cached httpx-0.28.1-py3-none-any.whl.metadata (7.1 kB)
Collecting jiwer>=3.0 (from brainers-atlasforge)
  Using cached jiwer-4.0.0-py3-none-any.whl.metadata (3.3 kB)
Collecting numpy>=1.26 (from brainers-atlasforge)
  Using cached numpy-2.2.6-cp310-cp310-macosx_14_0_arm64.whl.metadata (62 kB)
Collecting rich>=13.7 (from brainers-atlasforge)
  Using cached rich-15.0.0-py3-none-any.whl.metadata (18 kB)
Collecting sacrebleu>=2.4 (from brainers-atlasforge)
  Using cached sacrebleu-2.6.0-py3-none-any.whl.metadata (39 kB)
Collecting tomli>=2.0 (from brainers-atlasforge)
  Using cached tomli-2.5.0-py3-none-any.whl.metadata (10 kB)
Collecting typer>=0.12 (from brainers-atlasforge)
  Downloading typer-0.27.3-py3-none-any.whl.metadata (16 kB)
Collecting anyio (from httpx>=0.27->brainers-atlasforge)
  Using cached anyio-4.15.1-py3-none-any.whl.metadata (4.7 kB)
Collecting certifi (from httpx>=0.27->brainers-atlasforge)
  Using cached certifi-2026.7.22-py3-none-any.whl.metadata (2.5 kB)
Collecting httpcore==1.* (from httpx>=0.27->brainers-atlasforge)
  Using cached httpcore-1.0.9-py3-none-any.whl.metadata (21 kB)
Collecting idna (from httpx>=0.27->brainers-atlasforge)
  Using cached idna-3.20-py3-none-any.whl.metadata (7.2 kB)
Collecting h11>=0.16 (from httpcore==1.*->httpx>=0.27->brainers-atlasforge)
  Using cached h11-0.16.0-py3-none-any.whl.metadata (8.3 kB)
Collecting click>=8.1.8 (from jiwer>=3.0->brainers-atlasforge)
  Using cached click-8.5.0-py3-none-any.whl.metadata (2.6 kB)
Collecting rapidfuzz>=3.9.7 (from jiwer>=3.0->brainers-atlasforge)
  Using cached rapidfuzz-3.14.5-cp310-cp310-macosx_11_0_arm64.whl.metadata (12 kB)
Collecting markdown-it-py>=2.2.0 (from rich>=13.7->brainers-atlasforge)
  Using cached markdown_it_py-4.2.0-py3-none-any.whl.metadata (7.4 kB)
Collecting pygments<3.0.0,>=2.13.0 (from rich>=13.7->brainers-atlasforge)
  Using cached pygments-2.21.0-py3-none-any.whl.metadata (2.5 kB)
Collecting mdurl~=0.1 (from markdown-it-py>=2.2.0->rich>=13.7->brainers-atlasforge)
  Using cached mdurl-0.1.2-py3-none-any.whl.metadata (1.6 kB)
Collecting portalocker (from sacrebleu>=2.4->brainers-atlasforge)
  Using cached portalocker-4.4.0-py3-none-any.whl.metadata (10 kB)
Collecting regex (from sacrebleu>=2.4->brainers-atlasforge)
  Using cached regex-2026.9.29-cp310-cp310-macosx_11_0_arm64.whl.metadata (40 kB)
Collecting tabulate>=0.8.9 (from sacrebleu>=2.4->brainers-atlasforge)
  Using cached tabulate-0.10.0-py3-none-any.whl.metadata (40 kB)
Collecting colorama (from sacrebleu>=2.4->brainers-atlasforge)
  Using cached colorama-0.4.6-py2.py3-none-any.whl.metadata (17 kB)
Collecting lxml (from sacrebleu>=2.4->brainers-atlasforge)
  Using cached lxml-6.1.3-cp310-cp310-macosx_10_9_universal2.whl.metadata (3.3 kB)
Collecting shellingham>=1.3.0 (from typer>=0.12->brainers-atlasforge)
  Using cached shellingham-1.5.4-py2.py3-none-any.whl.metadata (3.5 kB)
Collecting annotated-doc>=0.0.2 (from typer>=0.12->brainers-atlasforge)
  Using cached annotated_doc-0.0.5-py3-none-any.whl.metadata (6.5 kB)
Collecting exceptiongroup>=1.0.2 (from anyio->httpx>=0.27->brainers-atlasforge)
  Using cached exceptiongroup-1.3.1-py3-none-any.whl.metadata (6.7 kB)
Collecting typing_extensions>=4.16.0 (from anyio->httpx>=0.27->brainers-atlasforge)
  Using cached typing_extensions-4.16.0-py3-none-any.whl.metadata (3.3 kB)
Downloading brainers_atlasforge-0.1.0a2-py3-none-any.whl (137 kB)
Using cached httpx-0.28.1-py3-none-any.whl (73 kB)
Using cached httpcore-1.0.9-py3-none-any.whl (78 kB)
Using cached h11-0.16.0-py3-none-any.whl (37 kB)
Using cached jiwer-4.0.0-py3-none-any.whl (23 kB)
Using cached click-8.5.0-py3-none-any.whl (125 kB)
Using cached numpy-2.2.6-cp310-cp310-macosx_14_0_arm64.whl (5.3 MB)
Using cached rapidfuzz-3.14.5-cp310-cp310-macosx_11_0_arm64.whl (1.2 MB)
Using cached rich-15.0.0-py3-none-any.whl (310 kB)
Using cached pygments-2.21.0-py3-none-any.whl (1.3 MB)
Using cached markdown_it_py-4.2.0-py3-none-any.whl (91 kB)
Using cached mdurl-0.1.2-py3-none-any.whl (10.0 kB)
Using cached sacrebleu-2.6.0-py3-none-any.whl (100 kB)
Using cached tabulate-0.10.0-py3-none-any.whl (39 kB)
Using cached tomli-2.5.0-py3-none-any.whl (14 kB)
Downloading typer-0.27.3-py3-none-any.whl (123 kB)
Using cached annotated_doc-0.0.5-py3-none-any.whl (5.3 kB)
Using cached shellingham-1.5.4-py2.py3-none-any.whl (9.8 kB)
Using cached anyio-4.15.1-py3-none-any.whl (132 kB)
Using cached exceptiongroup-1.3.1-py3-none-any.whl (16 kB)
Using cached idna-3.20-py3-none-any.whl (69 kB)
Using cached typing_extensions-4.16.0-py3-none-any.whl (45 kB)
Using cached certifi-2026.7.22-py3-none-any.whl (136 kB)
Using cached colorama-0.4.6-py2.py3-none-any.whl (25 kB)
Using cached lxml-6.1.3-cp310-cp310-macosx_10_9_universal2.whl (8.6 MB)
Using cached portalocker-4.4.0-py3-none-any.whl (129 kB)
Using cached regex-2026.9.29-cp310-cp310-macosx_11_0_arm64.whl (292 kB)
Installing collected packages: typing_extensions, tomli, tabulate, shellingham, regex, rapidfuzz, pygments, portalocker, numpy, mdurl, lxml, idna, h11, colorama, click, certifi, annotated-doc, sacrebleu, markdown-it-py, jiwer, httpcore, exceptiongroup, rich, anyio, typer, httpx, brainers-atlasforge

Successfully installed annotated-doc-0.0.5 anyio-4.15.1 brainers-atlasforge-0.1.0a2 certifi-2026.7.22 click-8.5.0 colorama-0.4.6 exceptiongroup-1.3.1 h11-0.16.0 httpcore-1.0.9 httpx-0.28.1 idna-3.20 jiwer-4.0.0 lxml-6.1.3 markdown-it-py-4.2.0 mdurl-0.1.2 numpy-2.2.6 portalocker-4.4.0 pygments-2.21.0 rapidfuzz-3.14.5 regex-2026.9.29 rich-15.0.0 sacrebleu-2.6.0 shellingham-1.5.4 tabulate-0.10.0 tomli-2.5.0 typer-0.27.3 typing_extensions-4.16.0
