Collecting typer
  Using cached typer-0.27.3-py3-none-any.whl.metadata (16 kB)
Collecting rich
  Using cached rich-15.0.0-py3-none-any.whl.metadata (18 kB)
Collecting httpx
  Using cached httpx-0.28.1-py3-none-any.whl.metadata (7.1 kB)
Collecting numpy
  Using cached numpy-2.5.3-cp314-cp314-macosx_14_0_arm64.whl.metadata (6.6 kB)
Collecting jiwer
  Using cached jiwer-4.0.0-py3-none-any.whl.metadata (3.3 kB)
Collecting sacrebleu
  Using cached sacrebleu-2.6.0-py3-none-any.whl.metadata (39 kB)
Collecting torch
  Downloading torch-2.14.1-cp314-cp314-macosx_14_0_arm64.whl.metadata (39 kB)
Collecting transformers
  Using cached transformers-5.19.0-py3-none-any.whl.metadata (32 kB)
Collecting accelerate
  Using cached accelerate-1.15.0-py3-none-any.whl.metadata (19 kB)
Collecting safetensors
  Using cached safetensors-0.8.0-cp310-abi3-macosx_11_0_arm64.whl.metadata (4.2 kB)
Collecting huggingface-hub
  Using cached huggingface_hub-2.2.0-py3-none-any.whl.metadata (16 kB)
Collecting peft
  Using cached peft-0.21.2-py3-none-any.whl.metadata (15 kB)
Collecting trl
  Downloading trl-1.15.0-py3-none-any.whl.metadata (12 kB)
Collecting datasets
  Using cached datasets-5.1.0-py3-none-any.whl.metadata (24 kB)
Collecting pyyaml
  Using cached pyyaml-6.0.3-cp314-cp314-macosx_11_0_arm64.whl.metadata (2.4 kB)
Collecting shellingham>=1.3.0 (from typer)
  Using cached shellingham-1.5.4-py2.py3-none-any.whl.metadata (3.5 kB)
Collecting annotated-doc>=0.0.2 (from typer)
  Using cached annotated_doc-0.0.5-py3-none-any.whl.metadata (6.5 kB)
Collecting markdown-it-py>=2.2.0 (from rich)
  Using cached markdown_it_py-4.2.0-py3-none-any.whl.metadata (7.4 kB)
Collecting pygments<3.0.0,>=2.13.0 (from rich)
  Using cached pygments-2.21.0-py3-none-any.whl.metadata (2.5 kB)
Collecting anyio (from httpx)
  Using cached anyio-4.15.1-py3-none-any.whl.metadata (4.7 kB)
Collecting certifi (from httpx)
  Using cached certifi-2026.7.22-py3-none-any.whl.metadata (2.5 kB)
Collecting httpcore==1.* (from httpx)
  Using cached httpcore-1.0.9-py3-none-any.whl.metadata (21 kB)
Collecting idna (from httpx)
  Using cached idna-3.20-py3-none-any.whl.metadata (7.2 kB)
Collecting h11>=0.16 (from httpcore==1.*->httpx)
  Using cached h11-0.16.0-py3-none-any.whl.metadata (8.3 kB)
Collecting click>=8.1.8 (from jiwer)
  Using cached click-8.5.0-py3-none-any.whl.metadata (2.6 kB)
Collecting rapidfuzz>=3.9.7 (from jiwer)
  Downloading rapidfuzz-3.14.6-cp314-cp314-macosx_11_0_arm64.whl.metadata (12 kB)
Collecting portalocker (from sacrebleu)
  Using cached portalocker-4.4.0-py3-none-any.whl.metadata (10 kB)
Collecting regex (from sacrebleu)
  Downloading regex-2026.9.29-cp314-cp314-macosx_11_0_arm64.whl.metadata (40 kB)
Collecting tabulate>=0.8.9 (from sacrebleu)
  Using cached tabulate-0.10.0-py3-none-any.whl.metadata (40 kB)
Collecting colorama (from sacrebleu)
  Using cached colorama-0.4.6-py2.py3-none-any.whl.metadata (17 kB)
Collecting lxml (from sacrebleu)
  Downloading lxml-6.1.3-cp314-cp314-macosx_10_15_universal2.whl.metadata (3.3 kB)
Collecting filelock (from torch)
  Using cached filelock-4.0.12-py3-none-any.whl.metadata (2.0 kB)
Collecting typing-extensions>=4.10.0 (from torch)
  Using cached typing_extensions-4.16.0-py3-none-any.whl.metadata (3.3 kB)
Collecting setuptools>=77.0.3 (from torch)
  Using cached setuptools-84.0.0-py3-none-any.whl.metadata (6.6 kB)
Collecting sympy>=1.13.3 (from torch)
  Using cached sympy-1.14.0-py3-none-any.whl.metadata (12 kB)
Collecting networkx>=2.5.1 (from torch)
  Downloading networkx-3.7-py3-none-any.whl.metadata (6.7 kB)
Collecting jinja2 (from torch)
  Using cached jinja2-3.1.6-py3-none-any.whl.metadata (2.9 kB)
Collecting fsspec>=0.8.5 (from torch)
  Using cached fsspec-2026.9.0-py3-none-any.whl.metadata (10 kB)
Collecting packaging>=20.0 (from transformers)
  Using cached packaging-26.3-py3-none-any.whl.metadata (3.5 kB)
Collecting tokenizers<0.24.0,>=0.23.1 (from transformers)
  Using cached tokenizers-0.23.3-cp310-abi3-macosx_11_0_arm64.whl.metadata (9.8 kB)
Collecting tqdm>=4.60 (from transformers)
  Using cached tqdm-4.70.1-py3-none-any.whl.metadata (57 kB)
Collecting hf-xet<2.0.0,>=1.6.0 (from huggingface-hub)
  Using cached hf_xet-1.7.0-cp38-abi3-macosx_11_0_arm64.whl.metadata (4.9 kB)
Collecting httpx2<3,>=2.0.0 (from huggingface-hub)
  Using cached httpx2-2.13.1-py3-none-any.whl.metadata (9.8 kB)
Collecting httpcore2==2.13.1 (from httpx2<3,>=2.0.0->huggingface-hub)
  Using cached httpcore2-2.13.1-py3-none-any.whl.metadata (26 kB)
Collecting truststore>=0.10 (from httpx2<3,>=2.0.0->huggingface-hub)
  Using cached truststore-0.10.4-py3-none-any.whl.metadata (4.4 kB)
Collecting psutil (from accelerate)
  Using cached psutil-7.2.2-cp36-abi3-macosx_11_0_arm64.whl.metadata (22 kB)
Collecting pyarrow>=24.0.0 (from datasets)
  Downloading pyarrow-26.0.0-cp314-cp314-macosx_12_0_arm64.whl.metadata (3.0 kB)
Collecting dill<0.4.2,>=0.3.0 (from datasets)
  Using cached dill-0.4.1-py3-none-any.whl.metadata (10 kB)
Collecting pandas (from datasets)
  Downloading pandas-3.0.6-cp314-cp314-macosx_11_0_arm64.whl.metadata (79 kB)
Collecting xxhash (from datasets)
  Downloading xxhash-4.0.1-cp314-cp314-macosx_11_0_arm64.whl.metadata (17 kB)
Collecting multiprocess<0.70.20 (from datasets)
  Downloading multiprocess-0.70.19-py314-none-any.whl.metadata (7.2 kB)
Collecting fsspec>=0.8.5 (from torch)
  Downloading fsspec-2026.7.0-py3-none-any.whl.metadata (10 kB)
Collecting aiohttp!=4.0.0a0,!=4.0.0a1 (from fsspec[http]<=2026.7.0,>=2023.1.0->datasets)
  Downloading aiohttp-3.14.4-cp314-cp314-macosx_11_0_arm64.whl.metadata (8.3 kB)
Collecting aiohappyeyeballs>=2.5.0 (from aiohttp!=4.0.0a0,!=4.0.0a1->fsspec[http]<=2026.7.0,>=2023.1.0->datasets)
  Using cached aiohappyeyeballs-2.7.1-py3-none-any.whl.metadata (5.9 kB)
Collecting aiosignal>=1.4.0 (from aiohttp!=4.0.0a0,!=4.0.0a1->fsspec[http]<=2026.7.0,>=2023.1.0->datasets)
  Using cached aiosignal-1.4.0-py3-none-any.whl.metadata (3.7 kB)
Collecting attrs>=17.3.0 (from aiohttp!=4.0.0a0,!=4.0.0a1->fsspec[http]<=2026.7.0,>=2023.1.0->datasets)
  Using cached attrs-26.1.0-py3-none-any.whl.metadata (8.8 kB)
Collecting frozenlist>=1.1.1 (from aiohttp!=4.0.0a0,!=4.0.0a1->fsspec[http]<=2026.7.0,>=2023.1.0->datasets)
  Downloading frozenlist-1.8.0-cp314-cp314-macosx_11_0_arm64.whl.metadata (20 kB)
Collecting multidict<7.0,>=4.5 (from aiohttp!=4.0.0a0,!=4.0.0a1->fsspec[http]<=2026.7.0,>=2023.1.0->datasets)
  Downloading multidict-6.9.1-cp314-cp314-macosx_11_0_arm64.whl.metadata (5.3 kB)
Collecting propcache>=0.2.0 (from aiohttp!=4.0.0a0,!=4.0.0a1->fsspec[http]<=2026.7.0,>=2023.1.0->datasets)
  Downloading propcache-0.5.4-cp314-cp314-macosx_11_0_arm64.whl.metadata (25 kB)
Collecting yarl<2.0,>=1.25.1 (from aiohttp!=4.0.0a0,!=4.0.0a1->fsspec[http]<=2026.7.0,>=2023.1.0->datasets)
  Downloading yarl-1.25.1-cp314-cp314-macosx_11_0_arm64.whl.metadata (111 kB)
Collecting mdurl~=0.1 (from markdown-it-py>=2.2.0->rich)
  Using cached mdurl-0.1.2-py3-none-any.whl.metadata (1.6 kB)
Collecting mpmath<1.4,>=1.1.0 (from sympy>=1.13.3->torch)
  Using cached mpmath-1.3.0-py3-none-any.whl.metadata (8.6 kB)
Collecting MarkupSafe>=2.0 (from jinja2->torch)
  Downloading markupsafe-3.0.4-cp314-cp314-macosx_11_0_arm64.whl.metadata (2.7 kB)
Collecting python-dateutil>=2.8.2 (from pandas->datasets)
  Using cached python_dateutil-2.9.0.post0-py2.py3-none-any.whl.metadata (8.4 kB)
Collecting six>=1.5 (from python-dateutil>=2.8.2->pandas->datasets)
  Using cached six-1.17.0-py2.py3-none-any.whl.metadata (1.7 kB)
Using cached typer-0.27.3-py3-none-any.whl (123 kB)
Using cached rich-15.0.0-py3-none-any.whl (310 kB)
Using cached pygments-2.21.0-py3-none-any.whl (1.3 MB)
Using cached httpx-0.28.1-py3-none-any.whl (73 kB)
Using cached httpcore-1.0.9-py3-none-any.whl (78 kB)
Downloading numpy-2.5.3-cp314-cp314-macosx_14_0_arm64.whl (5.4 MB)
   ━━━━━━━━━━━━━━━━━━━━━━━━━━━━━━━━━━━━━━━━ 5.4/5.4 MB 6.7 MB/s  0:00:00
Using cached jiwer-4.0.0-py3-none-any.whl (23 kB)
Using cached sacrebleu-2.6.0-py3-none-any.whl (100 kB)
Downloading torch-2.14.1-cp314-cp314-macosx_14_0_arm64.whl (127.3 MB)
   ━━━━━━━━━━━━━━━━━━━━━━━━━━━━━━━━━━━━━━━━ 127.3/127.3 MB 10.2 MB/s  0:00:12
Using cached transformers-5.19.0-py3-none-any.whl (12.6 MB)
Using cached huggingface_hub-2.2.0-py3-none-any.whl (839 kB)
Using cached click-8.5.0-py3-none-any.whl (125 kB)
Using cached hf_xet-1.7.0-cp38-abi3-macosx_11_0_arm64.whl (3.6 MB)
Using cached httpx2-2.13.1-py3-none-any.whl (95 kB)
Using cached httpcore2-2.13.1-py3-none-any.whl (83 kB)
Using cached tokenizers-0.23.3-cp310-abi3-macosx_11_0_arm64.whl (3.1 MB)
Downloading accelerate-1.15.0-py3-none-any.whl (394 kB)
Using cached safetensors-0.8.0-cp310-abi3-macosx_11_0_arm64.whl (484 kB)
Downloading peft-0.21.2-py3-none-any.whl (835 kB)
   ━━━━━━━━━━━━━━━━━━━━━━━━━━━━━━━━━━━━━━━━ 835.4/835.4 kB 9.7 MB/s  0:00:00
Downloading trl-1.15.0-py3-none-any.whl (945 kB)
   ━━━━━━━━━━━━━━━━━━━━━━━━━━━━━━━━━━━━━━━━ 945.8/945.8 kB 12.3 MB/s  0:00:00
Downloading datasets-5.1.0-py3-none-any.whl (604 kB)
   ━━━━━━━━━━━━━━━━━━━━━━━━━━━━━━━━━━━━━━━━ 604.4/604.4 kB 10.2 MB/s  0:00:00
Using cached dill-0.4.1-py3-none-any.whl (120 kB)
Downloading fsspec-2026.7.0-py3-none-any.whl (206 kB)
Downloading multiprocess-0.70.19-py314-none-any.whl (160 kB)
Downloading pyyaml-6.0.3-cp314-cp314-macosx_11_0_arm64.whl (173 kB)
Downloading aiohttp-3.14.4-cp314-cp314-macosx_11_0_arm64.whl (548 kB)
   ━━━━━━━━━━━━━━━━━━━━━━━━━━━━━━━━━━━━━━━━ 549.0/549.0 kB 9.0 MB/s  0:00:00
Downloading multidict-6.9.1-cp314-cp314-macosx_11_0_arm64.whl (56 kB)
Downloading yarl-1.25.1-cp314-cp314-macosx_11_0_arm64.whl (104 kB)
Using cached aiohappyeyeballs-2.7.1-py3-none-any.whl (15 kB)
Using cached aiosignal-1.4.0-py3-none-any.whl (7.5 kB)
Using cached annotated_doc-0.0.5-py3-none-any.whl (5.3 kB)
Using cached anyio-4.15.1-py3-none-any.whl (132 kB)
Using cached attrs-26.1.0-py3-none-any.whl (67 kB)
Using cached filelock-4.0.12-py3-none-any.whl (111 kB)
Downloading frozenlist-1.8.0-cp314-cp314-macosx_11_0_arm64.whl (49 kB)
Using cached h11-0.16.0-py3-none-any.whl (37 kB)
Using cached idna-3.20-py3-none-any.whl (69 kB)
Using cached markdown_it_py-4.2.0-py3-none-any.whl (91 kB)
Using cached mdurl-0.1.2-py3-none-any.whl (10.0 kB)
Downloading networkx-3.7-py3-none-any.whl (2.1 MB)
   ━━━━━━━━━━━━━━━━━━━━━━━━━━━━━━━━━━━━━━━━ 2.1/2.1 MB 9.7 MB/s  0:00:00
Using cached packaging-26.3-py3-none-any.whl (129 kB)
Downloading propcache-0.5.4-cp314-cp314-macosx_11_0_arm64.whl (51 kB)
Downloading pyarrow-26.0.0-cp314-cp314-macosx_12_0_arm64.whl (36.4 MB)
   ━━━━━━━━━━━━━━━━━━━━━━━━━━━━━━━━━━━━━━━━ 36.4/36.4 MB 9.2 MB/s  0:00:03
Downloading rapidfuzz-3.14.6-cp314-cp314-macosx_11_0_arm64.whl (1.2 MB)
   ━━━━━━━━━━━━━━━━━━━━━━━━━━━━━━━━━━━━━━━━ 1.2/1.2 MB 11.1 MB/s  0:00:00
Downloading regex-2026.9.29-cp314-cp314-macosx_11_0_arm64.whl (293 kB)
Using cached setuptools-84.0.0-py3-none-any.whl (818 kB)
Using cached shellingham-1.5.4-py2.py3-none-any.whl (9.8 kB)
Using cached sympy-1.14.0-py3-none-any.whl (6.3 MB)
Using cached mpmath-1.3.0-py3-none-any.whl (536 kB)
Using cached tabulate-0.10.0-py3-none-any.whl (39 kB)
Using cached tqdm-4.70.1-py3-none-any.whl (80 kB)
Using cached truststore-0.10.4-py3-none-any.whl (18 kB)
Using cached typing_extensions-4.16.0-py3-none-any.whl (45 kB)
Using cached certifi-2026.7.22-py3-none-any.whl (136 kB)
Using cached colorama-0.4.6-py2.py3-none-any.whl (25 kB)
Using cached jinja2-3.1.6-py3-none-any.whl (134 kB)
Downloading markupsafe-3.0.4-cp314-cp314-macosx_11_0_arm64.whl (12 kB)
Downloading lxml-6.1.3-cp314-cp314-macosx_10_15_universal2.whl (8.6 MB)
   ━━━━━━━━━━━━━━━━━━━━━━━━━━━━━━━━━━━━━━━━ 8.6/8.6 MB 9.1 MB/s  0:00:00
Downloading pandas-3.0.6-cp314-cp314-macosx_11_0_arm64.whl (10.2 MB)
   ━━━━━━━━━━━━━━━━━━━━━━━━━━━━━━━━━━━━━━━━ 10.2/10.2 MB 9.7 MB/s  0:00:01
Using cached python_dateutil-2.9.0.post0-py2.py3-none-any.whl (229 kB)
Using cached six-1.17.0-py2.py3-none-any.whl (11 kB)
Using cached portalocker-4.4.0-py3-none-any.whl (129 kB)
Using cached psutil-7.2.2-cp36-abi3-macosx_11_0_arm64.whl (129 kB)
Downloading xxhash-4.0.1-cp314-cp314-macosx_11_0_arm64.whl (35 kB)
Installing collected packages: mpmath, xxhash, typing-extensions, truststore, tqdm, tabulate, sympy, six, shellingham, setuptools, safetensors, regex, rapidfuzz, pyyaml, pygments, pyarrow, psutil, propcache, portalocker, packaging, numpy, networkx, multidict, mdurl, MarkupSafe, lxml, idna, hf-xet, h11, fsspec, frozenlist, filelock, dill, colorama, click, certifi, attrs, annotated-doc, aiohappyeyeballs, yarl, sacrebleu, python-dateutil, multiprocess, markdown-it-py, jiwer, jinja2, httpcore2, httpcore, anyio, aiosignal, torch, rich, pandas, httpx2, httpx, aiohttp, typer, huggingface-hub, tokenizers, datasets, accelerate, transformers, trl, peft

Successfully installed MarkupSafe-3.0.4 accelerate-1.15.0 aiohappyeyeballs-2.7.1 aiohttp-3.14.4 aiosignal-1.4.0 annotated-doc-0.0.5 anyio-4.15.1 attrs-26.1.0 certifi-2026.7.22 click-8.5.0 colorama-0.4.6 datasets-5.1.0 dill-0.4.1 filelock-4.0.12 frozenlist-1.8.0 fsspec-2026.7.0 h11-0.16.0 hf-xet-1.7.0 httpcore-1.0.9 httpcore2-2.13.1 httpx-0.28.1 httpx2-2.13.1 huggingface-hub-2.2.0 idna-3.20 jinja2-3.1.6 jiwer-4.0.0 lxml-6.1.3 markdown-it-py-4.2.0 mdurl-0.1.2 mpmath-1.3.0 multidict-6.9.1 multiprocess-0.70.19 networkx-3.7 numpy-2.5.3 packaging-26.3 pandas-3.0.6 peft-0.21.2 portalocker-4.4.0 propcache-0.5.4 psutil-7.2.2 pyarrow-26.0.0 pygments-2.21.0 python-dateutil-2.9.0.post0 pyyaml-6.0.3 rapidfuzz-3.14.6 regex-2026.9.29 rich-15.0.0 sacrebleu-2.6.0 safetensors-0.8.0 setuptools-84.0.0 shellingham-1.5.4 six-1.17.0 sympy-1.14.0 tabulate-0.10.0 tokenizers-0.23.3 torch-2.14.1 tqdm-4.70.1 transformers-5.19.0 trl-1.15.0 truststore-0.10.4 typer-0.27.3 typing-extensions-4.16.0 xxhash-4.0.1 yarl-1.25.1
install exit 0
