$ atlasforge dataset validate empty.jsonl --task generation  --json
[exit 1] [0.2s]
--- stdout ---
{
  "path": "empty.jsonl",
  "task": "generation",
  "sha256": "75a11da44c802486bc6f65640aa48a730f0f684c5c07a42ba3cd1735eb3fb070",
  "n_lines": 0,
  "n_examples": 0,
  "issues": [
    {
      "severity": "error",
      "code": "no-examples",
      "message": "No valid examples.",
      "line": null,
      "count": null,
      "hint": null
    }
  ],
  "stats": {
    "langs": {},
    "diacritics": {}
  }
}

--- stderr ---

