Processing <repo>
  Installing build dependencies: started
  Installing build dependencies: finished with status 'done'
  Getting requirements to build wheel: started
  Getting requirements to build wheel: finished with status 'done'
  Preparing metadata (pyproject.toml): started
  Preparing metadata (pyproject.toml): finished with status 'done'
Requirement already satisfied: httpx>=0.27 in ./venv-head/lib/python3.10/site-packages (from brainers-atlasforge==0.1.0a2) (0.28.1)
Requirement already satisfied: jiwer>=3.0 in ./venv-head/lib/python3.10/site-packages (from brainers-atlasforge==0.1.0a2) (4.0.0)
Requirement already satisfied: numpy>=1.26 in ./venv-head/lib/python3.10/site-packages (from brainers-atlasforge==0.1.0a2) (2.2.6)
Requirement already satisfied: rich>=13.7 in ./venv-head/lib/python3.10/site-packages (from brainers-atlasforge==0.1.0a2) (15.0.0)
Requirement already satisfied: sacrebleu>=2.4 in ./venv-head/lib/python3.10/site-packages (from brainers-atlasforge==0.1.0a2) (2.6.0)
Requirement already satisfied: tomli>=2.0 in ./venv-head/lib/python3.10/site-packages (from brainers-atlasforge==0.1.0a2) (2.5.0)
Requirement already satisfied: typer>=0.12 in ./venv-head/lib/python3.10/site-packages (from brainers-atlasforge==0.1.0a2) (0.27.3)
Collecting huggingface-hub>=0.24 (from brainers-atlasforge==0.1.0a2)
  Using cached huggingface_hub-2.2.0-py3-none-any.whl.metadata (16 kB)
Collecting librosa>=0.10 (from brainers-atlasforge==0.1.0a2)
  Using cached librosa-0.11.0-py3-none-any.whl.metadata (8.7 kB)
Collecting scipy<1.15 (from brainers-atlasforge==0.1.0a2)
  Using cached scipy-1.14.1-cp310-cp310-macosx_14_0_arm64.whl.metadata (60 kB)
Collecting soundfile>=0.12 (from brainers-atlasforge==0.1.0a2)
  Using cached soundfile-0.14.0-py2.py3-none-macosx_11_0_arm64.whl.metadata (18 kB)
Collecting torch>=2.2 (from brainers-atlasforge==0.1.0a2)
  Using cached torch-2.14.1-cp310-cp310-macosx_14_0_arm64.whl.metadata (38 kB)
Collecting transformers>=4.44 (from brainers-atlasforge==0.1.0a2)
  Using cached transformers-5.19.0-py3-none-any.whl.metadata (32 kB)
Requirement already satisfied: anyio in ./venv-head/lib/python3.10/site-packages (from httpx>=0.27->brainers-atlasforge==0.1.0a2) (4.15.1)
Requirement already satisfied: certifi in ./venv-head/lib/python3.10/site-packages (from httpx>=0.27->brainers-atlasforge==0.1.0a2) (2026.7.22)
Requirement already satisfied: httpcore==1.* in ./venv-head/lib/python3.10/site-packages (from httpx>=0.27->brainers-atlasforge==0.1.0a2) (1.0.9)
Requirement already satisfied: idna in ./venv-head/lib/python3.10/site-packages (from httpx>=0.27->brainers-atlasforge==0.1.0a2) (3.20)
Requirement already satisfied: h11>=0.16 in ./venv-head/lib/python3.10/site-packages (from httpcore==1.*->httpx>=0.27->brainers-atlasforge==0.1.0a2) (0.16.0)
Requirement already satisfied: click<9.0.0,>=8.4.2 in ./venv-head/lib/python3.10/site-packages (from huggingface-hub>=0.24->brainers-atlasforge==0.1.0a2) (8.5.0)
Collecting filelock>=3.10.0 (from huggingface-hub>=0.24->brainers-atlasforge==0.1.0a2)
  Using cached filelock-4.0.12-py3-none-any.whl.metadata (2.0 kB)
Collecting fsspec>=2023.5.0 (from huggingface-hub>=0.24->brainers-atlasforge==0.1.0a2)
  Using cached fsspec-2026.9.0-py3-none-any.whl.metadata (10 kB)
Collecting hf-xet<2.0.0,>=1.6.0 (from huggingface-hub>=0.24->brainers-atlasforge==0.1.0a2)
  Using cached hf_xet-1.7.0-cp38-abi3-macosx_11_0_arm64.whl.metadata (4.9 kB)
Collecting httpx2<3,>=2.0.0 (from huggingface-hub>=0.24->brainers-atlasforge==0.1.0a2)
  Using cached httpx2-2.13.1-py3-none-any.whl.metadata (9.8 kB)
Collecting packaging>=20.9 (from huggingface-hub>=0.24->brainers-atlasforge==0.1.0a2)
  Using cached packaging-26.3-py3-none-any.whl.metadata (3.5 kB)
Collecting pyyaml>=5.1 (from huggingface-hub>=0.24->brainers-atlasforge==0.1.0a2)
  Using cached pyyaml-6.0.3-cp310-cp310-macosx_11_0_arm64.whl.metadata (2.4 kB)
Collecting tqdm>=4.42.1 (from huggingface-hub>=0.24->brainers-atlasforge==0.1.0a2)
  Using cached tqdm-4.70.1-py3-none-any.whl.metadata (57 kB)
Requirement already satisfied: typing-extensions>=4.1.0 in ./venv-head/lib/python3.10/site-packages (from huggingface-hub>=0.24->brainers-atlasforge==0.1.0a2) (4.16.0)
Collecting httpcore2==2.13.1 (from httpx2<3,>=2.0.0->huggingface-hub>=0.24->brainers-atlasforge==0.1.0a2)
  Using cached httpcore2-2.13.1-py3-none-any.whl.metadata (26 kB)
Collecting truststore>=0.10 (from httpx2<3,>=2.0.0->huggingface-hub>=0.24->brainers-atlasforge==0.1.0a2)
  Using cached truststore-0.10.4-py3-none-any.whl.metadata (4.4 kB)
Requirement already satisfied: exceptiongroup>=1.0.2 in ./venv-head/lib/python3.10/site-packages (from anyio->httpx>=0.27->brainers-atlasforge==0.1.0a2) (1.3.1)
Requirement already satisfied: rapidfuzz>=3.9.7 in ./venv-head/lib/python3.10/site-packages (from jiwer>=3.0->brainers-atlasforge==0.1.0a2) (3.14.5)
Collecting audioread>=2.1.9 (from librosa>=0.10->brainers-atlasforge==0.1.0a2)
  Using cached audioread-3.1.0-py3-none-any.whl.metadata (9.0 kB)
Collecting numba>=0.51.0 (from librosa>=0.10->brainers-atlasforge==0.1.0a2)
  Using cached numba-0.68.0-cp310-cp310-macosx_12_0_arm64.whl.metadata (2.8 kB)
Collecting scikit-learn>=1.1.0 (from librosa>=0.10->brainers-atlasforge==0.1.0a2)
  Using cached scikit_learn-1.7.2-cp310-cp310-macosx_12_0_arm64.whl.metadata (11 kB)
Collecting joblib>=1.0 (from librosa>=0.10->brainers-atlasforge==0.1.0a2)
  Using cached joblib-1.6.0-py3-none-any.whl.metadata (6.5 kB)
Collecting decorator>=4.3.0 (from librosa>=0.10->brainers-atlasforge==0.1.0a2)
  Using cached decorator-5.3.1-py3-none-any.whl.metadata (3.9 kB)
Collecting pooch>=1.1 (from librosa>=0.10->brainers-atlasforge==0.1.0a2)
  Using cached pooch-1.9.0-py3-none-any.whl.metadata (10 kB)
Collecting soxr>=0.3.2 (from librosa>=0.10->brainers-atlasforge==0.1.0a2)
  Using cached soxr-1.1.0-cp310-cp310-macosx_11_0_arm64.whl.metadata (5.8 kB)
Collecting lazy_loader>=0.1 (from librosa>=0.10->brainers-atlasforge==0.1.0a2)
  Using cached lazy_loader-0.6-py3-none-any.whl.metadata (6.0 kB)
Collecting msgpack>=1.0 (from librosa>=0.10->brainers-atlasforge==0.1.0a2)
  Using cached msgpack-1.2.3-cp310-cp310-macosx_11_0_arm64.whl.metadata (8.3 kB)
Collecting cloudpickle>=3.0 (from joblib>=1.0->librosa>=0.10->brainers-atlasforge==0.1.0a2)
  Using cached cloudpickle-3.1.2-py3-none-any.whl.metadata (7.1 kB)
Collecting llvmlite<0.51,>=0.50.0dev0 (from numba>=0.51.0->librosa>=0.10->brainers-atlasforge==0.1.0a2)
  Using cached llvmlite-0.50.0-cp310-cp310-macosx_12_0_arm64.whl.metadata (5.1 kB)
Collecting platformdirs>=2.5.0 (from pooch>=1.1->librosa>=0.10->brainers-atlasforge==0.1.0a2)
  Using cached platformdirs-4.12.4-py3-none-any.whl.metadata (5.5 kB)
Collecting requests>=2.19.0 (from pooch>=1.1->librosa>=0.10->brainers-atlasforge==0.1.0a2)
  Using cached requests-2.34.2-py3-none-any.whl.metadata (4.8 kB)
Collecting charset_normalizer<4,>=2 (from requests>=2.19.0->pooch>=1.1->librosa>=0.10->brainers-atlasforge==0.1.0a2)
  Using cached charset_normalizer-3.5.2-cp310-cp310-macosx_10_9_universal2.whl.metadata (46 kB)
Collecting urllib3<3,>=1.26 (from requests>=2.19.0->pooch>=1.1->librosa>=0.10->brainers-atlasforge==0.1.0a2)
  Using cached urllib3-2.8.0-py3-none-any.whl.metadata (7.4 kB)
Requirement already satisfied: markdown-it-py>=2.2.0 in ./venv-head/lib/python3.10/site-packages (from rich>=13.7->brainers-atlasforge==0.1.0a2) (4.2.0)
Requirement already satisfied: pygments<3.0.0,>=2.13.0 in ./venv-head/lib/python3.10/site-packages (from rich>=13.7->brainers-atlasforge==0.1.0a2) (2.21.0)
Requirement already satisfied: mdurl~=0.1 in ./venv-head/lib/python3.10/site-packages (from markdown-it-py>=2.2.0->rich>=13.7->brainers-atlasforge==0.1.0a2) (0.1.2)
Requirement already satisfied: portalocker in ./venv-head/lib/python3.10/site-packages (from sacrebleu>=2.4->brainers-atlasforge==0.1.0a2) (4.4.0)
Requirement already satisfied: regex in ./venv-head/lib/python3.10/site-packages (from sacrebleu>=2.4->brainers-atlasforge==0.1.0a2) (2026.9.29)
Requirement already satisfied: tabulate>=0.8.9 in ./venv-head/lib/python3.10/site-packages (from sacrebleu>=2.4->brainers-atlasforge==0.1.0a2) (0.10.0)
Requirement already satisfied: colorama in ./venv-head/lib/python3.10/site-packages (from sacrebleu>=2.4->brainers-atlasforge==0.1.0a2) (0.4.6)
Requirement already satisfied: lxml in ./venv-head/lib/python3.10/site-packages (from sacrebleu>=2.4->brainers-atlasforge==0.1.0a2) (6.1.3)
Collecting threadpoolctl>=3.1.0 (from scikit-learn>=1.1.0->librosa>=0.10->brainers-atlasforge==0.1.0a2)
  Using cached threadpoolctl-3.7.0-py3-none-any.whl.metadata (24 kB)
Collecting cffi>=1.0 (from soundfile>=0.12->brainers-atlasforge==0.1.0a2)
  Using cached cffi-2.1.1-cp310-cp310-macosx_11_0_arm64.whl.metadata (2.5 kB)
Collecting pycparser (from cffi>=1.0->soundfile>=0.12->brainers-atlasforge==0.1.0a2)
  Using cached pycparser-3.11-py3-none-any.whl.metadata (8.2 kB)
Collecting setuptools>=77.0.3 (from torch>=2.2->brainers-atlasforge==0.1.0a2)
  Using cached setuptools-84.0.0-py3-none-any.whl.metadata (6.6 kB)
Collecting sympy>=1.13.3 (from torch>=2.2->brainers-atlasforge==0.1.0a2)
  Using cached sympy-1.14.0-py3-none-any.whl.metadata (12 kB)
Collecting networkx>=2.5.1 (from torch>=2.2->brainers-atlasforge==0.1.0a2)
  Using cached networkx-3.4.2-py3-none-any.whl.metadata (6.3 kB)
Collecting jinja2 (from torch>=2.2->brainers-atlasforge==0.1.0a2)
  Using cached jinja2-3.1.6-py3-none-any.whl.metadata (2.9 kB)
Collecting mpmath<1.4,>=1.1.0 (from sympy>=1.13.3->torch>=2.2->brainers-atlasforge==0.1.0a2)
  Using cached mpmath-1.3.0-py3-none-any.whl.metadata (8.6 kB)
Collecting tokenizers<0.24.0,>=0.23.1 (from transformers>=4.44->brainers-atlasforge==0.1.0a2)
  Using cached tokenizers-0.23.3-cp310-abi3-macosx_11_0_arm64.whl.metadata (9.8 kB)
Collecting safetensors>=0.8.0 (from transformers>=4.44->brainers-atlasforge==0.1.0a2)
  Using cached safetensors-0.8.0-cp310-abi3-macosx_11_0_arm64.whl.metadata (4.2 kB)
Requirement already satisfied: shellingham>=1.3.0 in ./venv-head/lib/python3.10/site-packages (from typer>=0.12->brainers-atlasforge==0.1.0a2) (1.5.4)
Requirement already satisfied: annotated-doc>=0.0.2 in ./venv-head/lib/python3.10/site-packages (from typer>=0.12->brainers-atlasforge==0.1.0a2) (0.0.5)
Collecting MarkupSafe>=2.0 (from jinja2->torch>=2.2->brainers-atlasforge==0.1.0a2)
  Using cached markupsafe-3.0.4-cp310-cp310-macosx_11_0_arm64.whl.metadata (2.7 kB)
Using cached scipy-1.14.1-cp310-cp310-macosx_14_0_arm64.whl (23.1 MB)
Using cached huggingface_hub-2.2.0-py3-none-any.whl (839 kB)
Using cached hf_xet-1.7.0-cp38-abi3-macosx_11_0_arm64.whl (3.6 MB)
Using cached httpx2-2.13.1-py3-none-any.whl (95 kB)
Using cached httpcore2-2.13.1-py3-none-any.whl (83 kB)
Using cached filelock-4.0.12-py3-none-any.whl (111 kB)
Using cached fsspec-2026.9.0-py3-none-any.whl (221 kB)
Using cached librosa-0.11.0-py3-none-any.whl (260 kB)
Using cached audioread-3.1.0-py3-none-any.whl (23 kB)
Using cached decorator-5.3.1-py3-none-any.whl (10 kB)
Using cached joblib-1.6.0-py3-none-any.whl (306 kB)
Using cached cloudpickle-3.1.2-py3-none-any.whl (22 kB)
Using cached lazy_loader-0.6-py3-none-any.whl (8.8 kB)
Using cached msgpack-1.2.3-cp310-cp310-macosx_11_0_arm64.whl (89 kB)
Using cached numba-0.68.0-cp310-cp310-macosx_12_0_arm64.whl (2.8 MB)
Using cached llvmlite-0.50.0-cp310-cp310-macosx_12_0_arm64.whl (40.5 MB)
Using cached packaging-26.3-py3-none-any.whl (129 kB)
Using cached pooch-1.9.0-py3-none-any.whl (67 kB)
Using cached platformdirs-4.12.4-py3-none-any.whl (32 kB)
Using cached pyyaml-6.0.3-cp310-cp310-macosx_11_0_arm64.whl (174 kB)
Using cached requests-2.34.2-py3-none-any.whl (73 kB)
Using cached charset_normalizer-3.5.2-cp310-cp310-macosx_10_9_universal2.whl (373 kB)
Using cached urllib3-2.8.0-py3-none-any.whl (135 kB)
Using cached scikit_learn-1.7.2-cp310-cp310-macosx_12_0_arm64.whl (8.7 MB)
Using cached soundfile-0.14.0-py2.py3-none-macosx_11_0_arm64.whl (1.1 MB)
Using cached cffi-2.1.1-cp310-cp310-macosx_11_0_arm64.whl (184 kB)
Using cached soxr-1.1.0-cp310-cp310-macosx_11_0_arm64.whl (167 kB)
Using cached threadpoolctl-3.7.0-py3-none-any.whl (26 kB)
Using cached torch-2.14.1-cp310-cp310-macosx_14_0_arm64.whl (127.2 MB)
Using cached networkx-3.4.2-py3-none-any.whl (1.7 MB)
Using cached setuptools-84.0.0-py3-none-any.whl (818 kB)
Using cached sympy-1.14.0-py3-none-any.whl (6.3 MB)
Using cached mpmath-1.3.0-py3-none-any.whl (536 kB)
Using cached tqdm-4.70.1-py3-none-any.whl (80 kB)
Using cached transformers-5.19.0-py3-none-any.whl (12.6 MB)
Using cached tokenizers-0.23.3-cp310-abi3-macosx_11_0_arm64.whl (3.1 MB)
Using cached safetensors-0.8.0-cp310-abi3-macosx_11_0_arm64.whl (484 kB)
Using cached truststore-0.10.4-py3-none-any.whl (18 kB)
Using cached jinja2-3.1.6-py3-none-any.whl (134 kB)
Using cached markupsafe-3.0.4-cp310-cp310-macosx_11_0_arm64.whl (12 kB)
Using cached pycparser-3.11-py3-none-any.whl (51 kB)
Building wheels for collected packages: brainers-atlasforge
  Building wheel for brainers-atlasforge (pyproject.toml): started
  Building wheel for brainers-atlasforge (pyproject.toml): finished with status 'done'
  Created wheel for brainers-atlasforge: filename=brainers_atlasforge-0.1.0a2-py3-none-any.whl size=137624 sha256=502554341cab5dc61982aafb2434436b1a7ba0983c6df96376ca4f9739106cc9
  Stored in directory: <tmp>
Successfully built brainers-atlasforge
Installing collected packages: mpmath, urllib3, truststore, tqdm, threadpoolctl, sympy, soxr, setuptools, scipy, safetensors, pyyaml, pycparser, platformdirs, packaging, networkx, msgpack, MarkupSafe, llvmlite, hf-xet, fsspec, filelock, decorator, cloudpickle, charset_normalizer, audioread, requests, numba, lazy_loader, joblib, jinja2, httpcore2, cffi, torch, soundfile, scikit-learn, pooch, httpx2, librosa, huggingface-hub, brainers-atlasforge, tokenizers, transformers
  Attempting uninstall: setuptools
    Found existing installation: setuptools 65.5.0
    Uninstalling setuptools-65.5.0:
      Successfully uninstalled setuptools-65.5.0
  Attempting uninstall: brainers-atlasforge
    Found existing installation: brainers-atlasforge 0.1.0a2
    Uninstalling brainers-atlasforge-0.1.0a2:
      Successfully uninstalled brainers-atlasforge-0.1.0a2

Successfully installed MarkupSafe-3.0.4 audioread-3.1.0 brainers-atlasforge-0.1.0a2 cffi-2.1.1 charset_normalizer-3.5.2 cloudpickle-3.1.2 decorator-5.3.1 filelock-4.0.12 fsspec-2026.9.0 hf-xet-1.7.0 httpcore2-2.13.1 httpx2-2.13.1 huggingface-hub-2.2.0 jinja2-3.1.6 joblib-1.6.0 lazy_loader-0.6 librosa-0.11.0 llvmlite-0.50.0 mpmath-1.3.0 msgpack-1.2.3 networkx-3.4.2 numba-0.68.0 packaging-26.3 platformdirs-4.12.4 pooch-1.9.0 pycparser-3.11 pyyaml-6.0.3 requests-2.34.2 safetensors-0.8.0 scikit-learn-1.7.2 scipy-1.14.1 setuptools-84.0.0 soundfile-0.14.0 soxr-1.1.0 sympy-1.14.0 threadpoolctl-3.7.0 tokenizers-0.23.3 torch-2.14.1 tqdm-4.70.1 transformers-5.19.0 truststore-0.10.4 urllib3-2.8.0
install exit 0
