Collecting brainers-atlasforge[asr]
  Using cached brainers_atlasforge-0.1.0a2-py3-none-any.whl.metadata (10 kB)
Collecting httpx>=0.27 (from brainers-atlasforge[asr])
  Using cached httpx-0.28.1-py3-none-any.whl.metadata (7.1 kB)
Collecting jiwer>=3.0 (from brainers-atlasforge[asr])
  Using cached jiwer-4.0.0-py3-none-any.whl.metadata (3.3 kB)
Collecting numpy>=1.26 (from brainers-atlasforge[asr])
  Using cached numpy-2.2.6-cp310-cp310-macosx_14_0_arm64.whl.metadata (62 kB)
Collecting rich>=13.7 (from brainers-atlasforge[asr])
  Using cached rich-15.0.0-py3-none-any.whl.metadata (18 kB)
Collecting sacrebleu>=2.4 (from brainers-atlasforge[asr])
  Using cached sacrebleu-2.6.0-py3-none-any.whl.metadata (39 kB)
Collecting tomli>=2.0 (from brainers-atlasforge[asr])
  Using cached tomli-2.5.0-py3-none-any.whl.metadata (10 kB)
Collecting typer>=0.12 (from brainers-atlasforge[asr])
  Using cached typer-0.27.3-py3-none-any.whl.metadata (16 kB)
Collecting huggingface-hub>=0.24 (from brainers-atlasforge[asr])
  Downloading huggingface_hub-2.2.0-py3-none-any.whl.metadata (16 kB)
Collecting librosa>=0.10 (from brainers-atlasforge[asr])
  Using cached librosa-0.11.0-py3-none-any.whl.metadata (8.7 kB)
Collecting soundfile>=0.12 (from brainers-atlasforge[asr])
  Using cached soundfile-0.14.0-py2.py3-none-macosx_11_0_arm64.whl.metadata (18 kB)
Collecting torch>=2.2 (from brainers-atlasforge[asr])
  Downloading torch-2.14.1-cp310-cp310-macosx_14_0_arm64.whl.metadata (38 kB)
Collecting transformers>=4.44 (from brainers-atlasforge[asr])
  Downloading transformers-5.19.0-py3-none-any.whl.metadata (32 kB)
Collecting anyio (from httpx>=0.27->brainers-atlasforge[asr])
  Using cached anyio-4.15.1-py3-none-any.whl.metadata (4.7 kB)
Collecting certifi (from httpx>=0.27->brainers-atlasforge[asr])
  Using cached certifi-2026.7.22-py3-none-any.whl.metadata (2.5 kB)
Collecting httpcore==1.* (from httpx>=0.27->brainers-atlasforge[asr])
  Using cached httpcore-1.0.9-py3-none-any.whl.metadata (21 kB)
Collecting idna (from httpx>=0.27->brainers-atlasforge[asr])
  Using cached idna-3.20-py3-none-any.whl.metadata (7.2 kB)
Collecting h11>=0.16 (from httpcore==1.*->httpx>=0.27->brainers-atlasforge[asr])
  Using cached h11-0.16.0-py3-none-any.whl.metadata (8.3 kB)
Collecting click<9.0.0,>=8.4.2 (from huggingface-hub>=0.24->brainers-atlasforge[asr])
  Using cached click-8.5.0-py3-none-any.whl.metadata (2.6 kB)
Collecting filelock>=3.10.0 (from huggingface-hub>=0.24->brainers-atlasforge[asr])
  Downloading filelock-4.0.12-py3-none-any.whl.metadata (2.0 kB)
Collecting fsspec>=2023.5.0 (from huggingface-hub>=0.24->brainers-atlasforge[asr])
  Using cached fsspec-2026.9.0-py3-none-any.whl.metadata (10 kB)
Collecting hf-xet<2.0.0,>=1.6.0 (from huggingface-hub>=0.24->brainers-atlasforge[asr])
  Downloading hf_xet-1.7.0-cp38-abi3-macosx_11_0_arm64.whl.metadata (4.9 kB)
Collecting httpx2<3,>=2.0.0 (from huggingface-hub>=0.24->brainers-atlasforge[asr])
  Using cached httpx2-2.13.1-py3-none-any.whl.metadata (9.8 kB)
Collecting packaging>=20.9 (from huggingface-hub>=0.24->brainers-atlasforge[asr])
  Using cached packaging-26.3-py3-none-any.whl.metadata (3.5 kB)
Collecting pyyaml>=5.1 (from huggingface-hub>=0.24->brainers-atlasforge[asr])
  Using cached pyyaml-6.0.3-cp310-cp310-macosx_11_0_arm64.whl.metadata (2.4 kB)
Collecting tqdm>=4.42.1 (from huggingface-hub>=0.24->brainers-atlasforge[asr])
  Using cached tqdm-4.70.1-py3-none-any.whl.metadata (57 kB)
Collecting typing-extensions>=4.1.0 (from huggingface-hub>=0.24->brainers-atlasforge[asr])
  Using cached typing_extensions-4.16.0-py3-none-any.whl.metadata (3.3 kB)
Collecting httpcore2==2.13.1 (from httpx2<3,>=2.0.0->huggingface-hub>=0.24->brainers-atlasforge[asr])
  Using cached httpcore2-2.13.1-py3-none-any.whl.metadata (26 kB)
Collecting truststore>=0.10 (from httpx2<3,>=2.0.0->huggingface-hub>=0.24->brainers-atlasforge[asr])
  Using cached truststore-0.10.4-py3-none-any.whl.metadata (4.4 kB)
Collecting exceptiongroup>=1.0.2 (from anyio->httpx>=0.27->brainers-atlasforge[asr])
  Using cached exceptiongroup-1.3.1-py3-none-any.whl.metadata (6.7 kB)
Collecting rapidfuzz>=3.9.7 (from jiwer>=3.0->brainers-atlasforge[asr])
  Using cached rapidfuzz-3.14.5-cp310-cp310-macosx_11_0_arm64.whl.metadata (12 kB)
Collecting audioread>=2.1.9 (from librosa>=0.10->brainers-atlasforge[asr])
  Using cached audioread-3.1.0-py3-none-any.whl.metadata (9.0 kB)
Collecting numba>=0.51.0 (from librosa>=0.10->brainers-atlasforge[asr])
  Downloading numba-0.68.0-cp310-cp310-macosx_12_0_arm64.whl.metadata (2.8 kB)
Collecting scipy>=1.6.0 (from librosa>=0.10->brainers-atlasforge[asr])
  Using cached scipy-1.15.3-cp310-cp310-macosx_14_0_arm64.whl.metadata (61 kB)
Collecting scikit-learn>=1.1.0 (from librosa>=0.10->brainers-atlasforge[asr])
  Using cached scikit_learn-1.7.2-cp310-cp310-macosx_12_0_arm64.whl.metadata (11 kB)
Collecting joblib>=1.0 (from librosa>=0.10->brainers-atlasforge[asr])
  Using cached joblib-1.6.0-py3-none-any.whl.metadata (6.5 kB)
Collecting decorator>=4.3.0 (from librosa>=0.10->brainers-atlasforge[asr])
  Using cached decorator-5.3.1-py3-none-any.whl.metadata (3.9 kB)
Collecting pooch>=1.1 (from librosa>=0.10->brainers-atlasforge[asr])
  Using cached pooch-1.9.0-py3-none-any.whl.metadata (10 kB)
Collecting soxr>=0.3.2 (from librosa>=0.10->brainers-atlasforge[asr])
  Using cached soxr-1.1.0-cp310-cp310-macosx_11_0_arm64.whl.metadata (5.8 kB)
Collecting lazy_loader>=0.1 (from librosa>=0.10->brainers-atlasforge[asr])
  Using cached lazy_loader-0.6-py3-none-any.whl.metadata (6.0 kB)
Collecting msgpack>=1.0 (from librosa>=0.10->brainers-atlasforge[asr])
  Using cached msgpack-1.2.3-cp310-cp310-macosx_11_0_arm64.whl.metadata (8.3 kB)
Collecting cloudpickle>=3.0 (from joblib>=1.0->librosa>=0.10->brainers-atlasforge[asr])
  Using cached cloudpickle-3.1.2-py3-none-any.whl.metadata (7.1 kB)
Collecting llvmlite<0.51,>=0.50.0dev0 (from numba>=0.51.0->librosa>=0.10->brainers-atlasforge[asr])
  Downloading llvmlite-0.50.0-cp310-cp310-macosx_12_0_arm64.whl.metadata (5.1 kB)
Collecting platformdirs>=2.5.0 (from pooch>=1.1->librosa>=0.10->brainers-atlasforge[asr])
  Downloading platformdirs-4.12.4-py3-none-any.whl.metadata (5.5 kB)
Collecting requests>=2.19.0 (from pooch>=1.1->librosa>=0.10->brainers-atlasforge[asr])
  Using cached requests-2.34.2-py3-none-any.whl.metadata (4.8 kB)
Collecting charset_normalizer<4,>=2 (from requests>=2.19.0->pooch>=1.1->librosa>=0.10->brainers-atlasforge[asr])
  Downloading charset_normalizer-3.5.2-cp310-cp310-macosx_10_9_universal2.whl.metadata (46 kB)
Collecting urllib3<3,>=1.26 (from requests>=2.19.0->pooch>=1.1->librosa>=0.10->brainers-atlasforge[asr])
  Using cached urllib3-2.8.0-py3-none-any.whl.metadata (7.4 kB)
Collecting markdown-it-py>=2.2.0 (from rich>=13.7->brainers-atlasforge[asr])
  Using cached markdown_it_py-4.2.0-py3-none-any.whl.metadata (7.4 kB)
Collecting pygments<3.0.0,>=2.13.0 (from rich>=13.7->brainers-atlasforge[asr])
  Using cached pygments-2.21.0-py3-none-any.whl.metadata (2.5 kB)
Collecting mdurl~=0.1 (from markdown-it-py>=2.2.0->rich>=13.7->brainers-atlasforge[asr])
  Using cached mdurl-0.1.2-py3-none-any.whl.metadata (1.6 kB)
Collecting portalocker (from sacrebleu>=2.4->brainers-atlasforge[asr])
  Using cached portalocker-4.4.0-py3-none-any.whl.metadata (10 kB)
Collecting regex (from sacrebleu>=2.4->brainers-atlasforge[asr])
  Using cached regex-2026.9.29-cp310-cp310-macosx_11_0_arm64.whl.metadata (40 kB)
Collecting tabulate>=0.8.9 (from sacrebleu>=2.4->brainers-atlasforge[asr])
  Using cached tabulate-0.10.0-py3-none-any.whl.metadata (40 kB)
Collecting colorama (from sacrebleu>=2.4->brainers-atlasforge[asr])
  Using cached colorama-0.4.6-py2.py3-none-any.whl.metadata (17 kB)
Collecting lxml (from sacrebleu>=2.4->brainers-atlasforge[asr])
  Using cached lxml-6.1.3-cp310-cp310-macosx_10_9_universal2.whl.metadata (3.3 kB)
Collecting threadpoolctl>=3.1.0 (from scikit-learn>=1.1.0->librosa>=0.10->brainers-atlasforge[asr])
  Using cached threadpoolctl-3.7.0-py3-none-any.whl.metadata (24 kB)
Collecting cffi>=1.0 (from soundfile>=0.12->brainers-atlasforge[asr])
  Using cached cffi-2.1.1-cp310-cp310-macosx_11_0_arm64.whl.metadata (2.5 kB)
Collecting pycparser (from cffi>=1.0->soundfile>=0.12->brainers-atlasforge[asr])
  Downloading pycparser-3.11-py3-none-any.whl.metadata (8.2 kB)
Collecting setuptools>=77.0.3 (from torch>=2.2->brainers-atlasforge[asr])
  Using cached setuptools-84.0.0-py3-none-any.whl.metadata (6.6 kB)
Collecting sympy>=1.13.3 (from torch>=2.2->brainers-atlasforge[asr])
  Using cached sympy-1.14.0-py3-none-any.whl.metadata (12 kB)
Collecting networkx>=2.5.1 (from torch>=2.2->brainers-atlasforge[asr])
  Using cached networkx-3.4.2-py3-none-any.whl.metadata (6.3 kB)
Collecting jinja2 (from torch>=2.2->brainers-atlasforge[asr])
  Using cached jinja2-3.1.6-py3-none-any.whl.metadata (2.9 kB)
Collecting mpmath<1.4,>=1.1.0 (from sympy>=1.13.3->torch>=2.2->brainers-atlasforge[asr])
  Using cached mpmath-1.3.0-py3-none-any.whl.metadata (8.6 kB)
Collecting tokenizers<0.24.0,>=0.23.1 (from transformers>=4.44->brainers-atlasforge[asr])
  Downloading tokenizers-0.23.3-cp310-abi3-macosx_11_0_arm64.whl.metadata (9.8 kB)
Collecting safetensors>=0.8.0 (from transformers>=4.44->brainers-atlasforge[asr])
  Using cached safetensors-0.8.0-cp310-abi3-macosx_11_0_arm64.whl.metadata (4.2 kB)
Collecting shellingham>=1.3.0 (from typer>=0.12->brainers-atlasforge[asr])
  Using cached shellingham-1.5.4-py2.py3-none-any.whl.metadata (3.5 kB)
Collecting annotated-doc>=0.0.2 (from typer>=0.12->brainers-atlasforge[asr])
  Using cached annotated_doc-0.0.5-py3-none-any.whl.metadata (6.5 kB)
Collecting MarkupSafe>=2.0 (from jinja2->torch>=2.2->brainers-atlasforge[asr])
  Downloading markupsafe-3.0.4-cp310-cp310-macosx_11_0_arm64.whl.metadata (2.7 kB)
Using cached brainers_atlasforge-0.1.0a2-py3-none-any.whl (137 kB)
Using cached httpx-0.28.1-py3-none-any.whl (73 kB)
Using cached httpcore-1.0.9-py3-none-any.whl (78 kB)
Using cached h11-0.16.0-py3-none-any.whl (37 kB)
Downloading huggingface_hub-2.2.0-py3-none-any.whl (839 kB)
   ━━━━━━━━━━━━━━━━━━━━━━━━━━━━━━━━━━━━━━━━ 839.9/839.9 kB 3.5 MB/s  0:00:00
Using cached click-8.5.0-py3-none-any.whl (125 kB)
Downloading hf_xet-1.7.0-cp38-abi3-macosx_11_0_arm64.whl (3.6 MB)
   ━━━━━━━━━━━━━━━━━━━━━━━━━━━━━━━━━━━━━━━━ 3.6/3.6 MB 630.2 kB/s  0:00:05
Downloading httpx2-2.13.1-py3-none-any.whl (95 kB)
Downloading httpcore2-2.13.1-py3-none-any.whl (83 kB)
Using cached anyio-4.15.1-py3-none-any.whl (132 kB)
Using cached exceptiongroup-1.3.1-py3-none-any.whl (16 kB)
Downloading filelock-4.0.12-py3-none-any.whl (111 kB)
Using cached fsspec-2026.9.0-py3-none-any.whl (221 kB)
Using cached idna-3.20-py3-none-any.whl (69 kB)
Using cached jiwer-4.0.0-py3-none-any.whl (23 kB)
Using cached librosa-0.11.0-py3-none-any.whl (260 kB)
Using cached audioread-3.1.0-py3-none-any.whl (23 kB)
Using cached decorator-5.3.1-py3-none-any.whl (10 kB)
Using cached joblib-1.6.0-py3-none-any.whl (306 kB)
Using cached cloudpickle-3.1.2-py3-none-any.whl (22 kB)
Using cached lazy_loader-0.6-py3-none-any.whl (8.8 kB)
Using cached msgpack-1.2.3-cp310-cp310-macosx_11_0_arm64.whl (89 kB)
Downloading numba-0.68.0-cp310-cp310-macosx_12_0_arm64.whl (2.8 MB)
   ━━━━━━━━━━━━━━━━━━━━━━━━━━━━━━━━━━━━━━━━ 2.8/2.8 MB 402.3 kB/s  0:00:06
Downloading llvmlite-0.50.0-cp310-cp310-macosx_12_0_arm64.whl (40.5 MB)
   ━━━━━━━━━━━━━━━━━━━━━━━━━━━━━━━━━━━━━━━━ 40.5/40.5 MB 355.8 kB/s  0:01:39
Using cached numpy-2.2.6-cp310-cp310-macosx_14_0_arm64.whl (5.3 MB)
Using cached packaging-26.3-py3-none-any.whl (129 kB)
Using cached pooch-1.9.0-py3-none-any.whl (67 kB)
Downloading platformdirs-4.12.4-py3-none-any.whl (32 kB)
Using cached pyyaml-6.0.3-cp310-cp310-macosx_11_0_arm64.whl (174 kB)
Using cached rapidfuzz-3.14.5-cp310-cp310-macosx_11_0_arm64.whl (1.2 MB)
Using cached requests-2.34.2-py3-none-any.whl (73 kB)
Downloading charset_normalizer-3.5.2-cp310-cp310-macosx_10_9_universal2.whl (373 kB)
Using cached urllib3-2.8.0-py3-none-any.whl (135 kB)
Using cached certifi-2026.7.22-py3-none-any.whl (136 kB)
Using cached rich-15.0.0-py3-none-any.whl (310 kB)
Using cached pygments-2.21.0-py3-none-any.whl (1.3 MB)
Using cached markdown_it_py-4.2.0-py3-none-any.whl (91 kB)
Using cached mdurl-0.1.2-py3-none-any.whl (10.0 kB)
Using cached sacrebleu-2.6.0-py3-none-any.whl (100 kB)
Using cached scikit_learn-1.7.2-cp310-cp310-macosx_12_0_arm64.whl (8.7 MB)
Using cached scipy-1.15.3-cp310-cp310-macosx_14_0_arm64.whl (22.4 MB)
Using cached soundfile-0.14.0-py2.py3-none-macosx_11_0_arm64.whl (1.1 MB)
Using cached cffi-2.1.1-cp310-cp310-macosx_11_0_arm64.whl (184 kB)
Using cached soxr-1.1.0-cp310-cp310-macosx_11_0_arm64.whl (167 kB)
Using cached tabulate-0.10.0-py3-none-any.whl (39 kB)
Using cached threadpoolctl-3.7.0-py3-none-any.whl (26 kB)
Using cached tomli-2.5.0-py3-none-any.whl (14 kB)
Downloading torch-2.14.1-cp310-cp310-macosx_14_0_arm64.whl (127.2 MB)
   ━━━━━━━━━━━━━━━━━━━━━━━━━━━━━━━━━━━━━━━━ 127.2/127.2 MB 421.1 kB/s  0:06:04
Using cached networkx-3.4.2-py3-none-any.whl (1.7 MB)
Using cached setuptools-84.0.0-py3-none-any.whl (818 kB)
Using cached sympy-1.14.0-py3-none-any.whl (6.3 MB)
Using cached mpmath-1.3.0-py3-none-any.whl (536 kB)
Using cached tqdm-4.70.1-py3-none-any.whl (80 kB)
Downloading transformers-5.19.0-py3-none-any.whl (12.6 MB)
   ━━━━━━━━━━━━━━━━━━━━━━━━━━━━━━━━━━━━━━━━ 12.6/12.6 MB 467.7 kB/s  0:00:26
Downloading tokenizers-0.23.3-cp310-abi3-macosx_11_0_arm64.whl (3.1 MB)
   ━━━━━━━━━━━━━━━━━━━━━━━━━━━━━━━━━━━━━━━━ 3.1/3.1 MB 361.5 kB/s  0:00:08
Using cached regex-2026.9.29-cp310-cp310-macosx_11_0_arm64.whl (292 kB)
Using cached safetensors-0.8.0-cp310-abi3-macosx_11_0_arm64.whl (484 kB)
Downloading truststore-0.10.4-py3-none-any.whl (18 kB)
Using cached typer-0.27.3-py3-none-any.whl (123 kB)
Using cached annotated_doc-0.0.5-py3-none-any.whl (5.3 kB)
Using cached shellingham-1.5.4-py2.py3-none-any.whl (9.8 kB)
Using cached typing_extensions-4.16.0-py3-none-any.whl (45 kB)
Using cached colorama-0.4.6-py2.py3-none-any.whl (25 kB)
Using cached jinja2-3.1.6-py3-none-any.whl (134 kB)
Downloading markupsafe-3.0.4-cp310-cp310-macosx_11_0_arm64.whl (12 kB)
Using cached lxml-6.1.3-cp310-cp310-macosx_10_9_universal2.whl (8.6 MB)
Using cached portalocker-4.4.0-py3-none-any.whl (129 kB)
Downloading pycparser-3.11-py3-none-any.whl (51 kB)
Installing collected packages: mpmath, urllib3, typing-extensions, truststore, tqdm, tomli, threadpoolctl, tabulate, sympy, shellingham, setuptools, safetensors, regex, rapidfuzz, pyyaml, pygments, pycparser, portalocker, platformdirs, packaging, numpy, networkx, msgpack, mdurl, MarkupSafe, lxml, llvmlite, idna, hf-xet, h11, fsspec, filelock, decorator, colorama, cloudpickle, click, charset_normalizer, certifi, audioread, annotated-doc, soxr, scipy, sacrebleu, requests, numba, markdown-it-py, lazy_loader, joblib, jiwer, jinja2, httpcore2, httpcore, exceptiongroup, cffi, torch, soundfile, scikit-learn, rich, pooch, anyio, typer, librosa, httpx2, httpx, huggingface-hub, brainers-atlasforge, tokenizers, transformers
  Attempting uninstall: setuptools
    Found existing installation: setuptools 65.5.0
    Uninstalling setuptools-65.5.0:
      Successfully uninstalled setuptools-65.5.0

Successfully installed MarkupSafe-3.0.4 annotated-doc-0.0.5 anyio-4.15.1 audioread-3.1.0 brainers-atlasforge-0.1.0a2 certifi-2026.7.22 cffi-2.1.1 charset_normalizer-3.5.2 click-8.5.0 cloudpickle-3.1.2 colorama-0.4.6 decorator-5.3.1 exceptiongroup-1.3.1 filelock-4.0.12 fsspec-2026.9.0 h11-0.16.0 hf-xet-1.7.0 httpcore-1.0.9 httpcore2-2.13.1 httpx-0.28.1 httpx2-2.13.1 huggingface-hub-2.2.0 idna-3.20 jinja2-3.1.6 jiwer-4.0.0 joblib-1.6.0 lazy_loader-0.6 librosa-0.11.0 llvmlite-0.50.0 lxml-6.1.3 markdown-it-py-4.2.0 mdurl-0.1.2 mpmath-1.3.0 msgpack-1.2.3 networkx-3.4.2 numba-0.68.0 numpy-2.2.6 packaging-26.3 platformdirs-4.12.4 pooch-1.9.0 portalocker-4.4.0 pycparser-3.11 pygments-2.21.0 pyyaml-6.0.3 rapidfuzz-3.14.5 regex-2026.9.29 requests-2.34.2 rich-15.0.0 sacrebleu-2.6.0 safetensors-0.8.0 scikit-learn-1.7.2 scipy-1.15.3 setuptools-84.0.0 shellingham-1.5.4 soundfile-0.14.0 soxr-1.1.0 sympy-1.14.0 tabulate-0.10.0 threadpoolctl-3.7.0 tokenizers-0.23.3 tomli-2.5.0 torch-2.14.1 tqdm-4.70.1 transformers-5.19.0 truststore-0.10.4 typer-0.27.3 typing-extensions-4.16.0 urllib3-2.8.0
install exit 0
